MO fifo_test NULL "C:\Users\Ashish\3D Objects\DD_CP\fifo/fifo_test.ant" vlg4F/fifo__test.bin 1640019651
MO fifo_test_v NULL C:\Users\NAMAN\Desktop\fifo\fifo/fifo_test.v vlg08/fifo__test__v.bin 1640209634
MO glbl NULL D:/xilinx/verilog/src/glbl.v vlg2D/glbl.bin 1640019577
MO fifo NULL C:\Users\NAMAN\Desktop\fifo\fifo/fifo.v vlg7C/fifo.bin 1640208885
